---
source: tests/snapshot_tests.rs
expression: kdl
---
// Startup commands - managed by Nirify

// These commands run when niri starts.

// No startup commands configured.
// Example:
// spawn-at-startup "waybar"
// spawn-at-startup "swww-daemon"
// spawn-at-startup "bash" "-c" "command with args"
